core_cm4.h:1657:22:__NVIC_SetPriorityGrouping	24	static
core_cm4.h:1676:26:__NVIC_GetPriorityGrouping	4	static
core_cm4.h:1688:22:__NVIC_EnableIRQ	16	static
core_cm4.h:1816:22:__NVIC_SetPriority	16	static
core_cm4.h:1863:26:NVIC_EncodePriority	40	static
stm32f3xx_ll_dma.h:589:22:LL_DMA_SetDataTransferDirection	24	static
stm32f3xx_ll_dma.h:638:22:LL_DMA_SetMode	24	static
stm32f3xx_ll_dma.h:683:22:LL_DMA_SetPeriphIncMode	24	static
stm32f3xx_ll_dma.h:728:22:LL_DMA_SetMemoryIncMode	24	static
stm32f3xx_ll_dma.h:774:22:LL_DMA_SetPeriphSize	24	static
stm32f3xx_ll_dma.h:821:22:LL_DMA_SetMemorySize	24	static
stm32f3xx_ll_dma.h:869:22:LL_DMA_SetChannelPriorityLevel	24	static
stm32f3xx_ll_rcc.h:1082:22:LL_RCC_HSI_Enable	4	static
stm32f3xx_ll_rcc.h:1102:26:LL_RCC_HSI_IsReady	4	static
stm32f3xx_ll_rcc.h:1128:22:LL_RCC_HSI_SetCalibTrimming	16	static
stm32f3xx_ll_rcc.h:1286:22:LL_RCC_SetSysClkSource	16	static
stm32f3xx_ll_rcc.h:1299:26:LL_RCC_GetSysClkSource	4	static
stm32f3xx_ll_rcc.h:1319:22:LL_RCC_SetAHBPrescaler	16	static
stm32f3xx_ll_rcc.h:1335:22:LL_RCC_SetAPB1Prescaler	16	static
stm32f3xx_ll_rcc.h:1351:22:LL_RCC_SetAPB2Prescaler	16	static
stm32f3xx_ll_bus.h:287:22:LL_AHB1_GRP1_EnableClock	24	static
stm32f3xx_ll_bus.h:537:22:LL_APB1_GRP1_EnableClock	24	static
stm32f3xx_ll_bus.h:851:22:LL_APB2_GRP1_EnableClock	24	static
stm32f3xx_ll_system.h:1618:22:LL_FLASH_SetLatency	16	static
stm32f3xx_ll_system.h:1631:26:LL_FLASH_GetLatency	4	static
stm32f3xx_ll_tim.h:1534:22:LL_TIM_DisableARRPreload	16	static
stm32f3xx_ll_tim.h:4329:22:LL_TIM_EnableIT_UPDATE	16	static
stm32f3xx_ll_usart.h:522:22:LL_USART_Enable	16	static
stm32f3xx_ll_usart.h:2245:22:LL_USART_ConfigAsyncMode	16	static
stm32f3xx_ll_usart.h:3180:22:LL_USART_DisableIT_CTS	16	static
stm32f3xx_ll_gpio.h:908:22:LL_GPIO_ResetOutputPin	16	static
main.c:95:6:my_memcpy	32	static
main.c:110:6:one_sec_delayed	16	static
main.c:121:6:dec_to_char	32	static
main.c:152:6:float_to_char	48	static
main.c:182:6:define_next_str	24	static
main.c:212:6:proccesDmaData	24	static
main.c:226:6:USART2_CheckDmaReception	8	static
main.c:289:5:main	16	static,ignoring_inline_asm
main.c:392:6:SystemClock_Config	8	static
main.c:425:13:MX_TIM17_Init	32	static
main.c:462:13:MX_USART2_UART_Init	64	static
main.c:548:13:MX_DMA_Init	8	static
main.c:570:13:MX_GPIO_Init	32	static
main.c:600:6:Error_Handler	4	static
